// Vitest Snapshot v1, https://vitest.dev/guide/snapshot.html

exports[`Test MobileMenu > should initialize with welcome screen and hide once user interacts 1`] = `
<div
  class="welcome-screen-center"
>
  <div
    class="welcome-screen-center__heading welcome-screen-decor excalifont"
  >
    All your data is saved locally in your browser.
  </div>
  <div
    class="welcome-screen-menu"
  >
    <button
      class="welcome-screen-menu-item "
      type="button"
    >
      <div
        class="welcome-screen-menu-item__icon"
      >
        <svg
          aria-hidden="true"
          class=""
          fill="none"
          focusable="false"
          role="img"
          stroke="currentColor"
          stroke-linecap="round"
          stroke-linejoin="round"
          viewBox="0 0 20 20"
        >
          <path
            d="m9.257 6.351.183.183H15.819c.34 0 .727.182 1.051.506.323.323.505.708.505 1.05v5.819c0 .316-.183.7-.52 1.035-.337.338-.723.522-1.037.522H4.182c-.352 0-.74-.181-1.058-.5-.318-.318-.499-.705-.499-1.057V5.182c0-.351.181-.736.5-1.054.32-.321.71-.503 1.057-.503H6.53l2.726 2.726Z"
            stroke-width="1.25"
          />
        </svg>
      </div>
      <div
        class="welcome-screen-menu-item__text"
      >
        Open
      </div>
      <div
        class="welcome-screen-menu-item__shortcut"
      >
        Ctrl+O
      </div>
    </button>
    <button
      class="welcome-screen-menu-item "
      type="button"
    >
      <div
        class="welcome-screen-menu-item__icon"
      >
        <svg
          aria-hidden="true"
          class=""
          fill="none"
          focusable="false"
          role="img"
          stroke="currentColor"
          stroke-linecap="round"
          stroke-linejoin="round"
          stroke-width="2"
          viewBox="0 0 24 24"
        >
          <g
            stroke-width="1.5"
          >
            <path
              d="M0 0h24v24H0z"
              fill="none"
              stroke="none"
            />
            <circle
              cx="12"
              cy="12"
              r="9"
            />
            <line
              x1="12"
              x2="12"
              y1="17"
              y2="17.01"
            />
            <path
              d="M12 13.5a1.5 1.5 0 0 1 1 -1.5a2.6 2.6 0 1 0 -3 -4"
            />
          </g>
        </svg>
      </div>
      <div
        class="welcome-screen-menu-item__text"
      >
        Help
      </div>
      <div
        class="welcome-screen-menu-item__shortcut"
      >
        ?
      </div>
    </button>
    <button
      class="welcome-screen-menu-item "
      type="button"
    >
      <div
        class="welcome-screen-menu-item__icon"
      >
        <svg
          aria-hidden="true"
          class=""
          fill="none"
          focusable="false"
          role="img"
          stroke="currentColor"
          stroke-linecap="round"
          stroke-linejoin="round"
          stroke-width="2"
          viewBox="0 0 24 24"
        >
          <g
            stroke-width="1.5"
          >
            <path
              d="M0 0h24v24H0z"
              fill="none"
              stroke="none"
            />
            <circle
              cx="9"
              cy="7"
              r="4"
            />
            <path
              d="M3 21v-2a4 4 0 0 1 4 -4h4a4 4 0 0 1 4 4v2"
            />
            <path
              d="M16 3.13a4 4 0 0 1 0 7.75"
            />
            <path
              d="M21 21v-2a4 4 0 0 0 -3 -3.85"
            />
          </g>
        </svg>
      </div>
      <div
        class="welcome-screen-menu-item__text"
      >
        Live collaboration...
      </div>
    </button>
  </div>
</div>
`;
